2026-08-11 08:35:19,855 - INFO - No unread email found with subject 'Apple Marketing Daily Data' from narennavuloori@gmail.com.
2026-08-11 09:02:12,696 - INFO - Downloaded 'Apple_Marketing_Raw_Data.xlsx' from narennavuloori@gmail.com with subject 'Apple Marketing Daily Data' and saved it to 'C:\Users\naren\OneDrive\Desktop\Data Analytics\Projects\MAANG & McKinsey Projects\Apple Marketing Intelligence Automation\data\incoming\Apple_Marketing_Raw_Data.xlsx'.
2026-08-11 13:46:31,551 - INFO - Downloaded 'Apple_Marketing_Raw_Data.xlsx' from narennavuloori@gmail.com with subject 'Apple Marketing Daily Data' and saved it to 'C:\Users\naren\OneDrive\Desktop\Data Analytics\Projects\MAANG & McKinsey Projects\Apple Marketing Intelligence Automation\data\incoming\Apple_Marketing_Raw_Data.xlsx'.
2026-08-11 13:51:50,798 - INFO - No unread email found with subject 'Apple Marketing Daily Data' from narennavuloori@gmail.com.
2026-08-11 20:56:19,411 - INFO - Apple marketing pipeline started.
2026-08-11 20:56:37,985 - INFO - Downloaded 'Apple_Marketing_Raw_Data.xlsx' from narennavuloori@gmail.com with subject 'Apple Marketing Daily Data' and saved it to 'C:\Users\naren\OneDrive\Desktop\Data Analytics\Projects\MAANG & McKinsey Projects\Apple Marketing Intelligence Automation\data\incoming\Apple_Marketing_Raw_Data.xlsx'.
2026-08-11 20:56:37,992 - INFO - Raw input workbook ready for processing: C:\Users\naren\OneDrive\Desktop\Data Analytics\Projects\MAANG & McKinsey Projects\Apple Marketing Intelligence Automation\data\incoming\Apple_Marketing_Raw_Data.xlsx
2026-08-11 20:59:08,587 - INFO - Raw data validation completed successfully.
2026-08-11 21:01:18,893 - INFO - Data cleaning completed successfully.
2026-08-11 21:01:19,414 - INFO - KPI calculation completed successfully.
2026-08-11 21:02:16,456 - INFO - Report generated and Power BI refresh completed successfully.
2026-08-11 21:02:19,359 - INFO - Daily report email sent successfully.
2026-08-11 21:02:19,367 - INFO - Raw input file archived to 'C:\Users\naren\OneDrive\Desktop\Data Analytics\Projects\MAANG & McKinsey Projects\Apple Marketing Intelligence Automation\data\archive\Apple_Marketing_Raw_Data_20260811_210219.xlsx'.
2026-08-11 21:02:19,371 - INFO - Apple marketing pipeline completed successfully in 360.0 seconds.
2026-08-11 21:42:18,005 - INFO - Apple marketing pipeline started.
2026-08-11 21:42:19,682 - INFO - No unread email found with subject 'Apple Marketing Daily Data' from narennavuloori@gmail.com.
2026-08-11 21:42:19,683 - INFO - Pipeline finished normally because no new matching email or pending raw workbook exists.
2026-08-12 00:12:12,672 - INFO - Apple marketing pipeline started.
2026-08-12 00:12:15,319 - INFO - No unread email found with subject 'Apple Marketing Daily Data' from narennavuloori@gmail.com.
2026-08-12 00:12:15,321 - INFO - Pipeline finished normally because no new matching email or pending raw workbook exists.
2026-08-12 00:19:58,288 - INFO - Apple marketing pipeline started.
2026-08-12 00:20:15,709 - INFO - Downloaded 'Apple_Marketing_Raw_Data.xlsx' from narennavuloori@gmail.com with subject 'Apple Marketing Daily Data' and saved it to 'C:\Users\naren\OneDrive\Desktop\Data Analytics\Projects\MAANG & McKinsey Projects\Apple Marketing Intelligence Automation\data\incoming\Apple_Marketing_Raw_Data.xlsx'.
2026-08-12 00:20:15,713 - INFO - Raw input workbook ready for processing: C:\Users\naren\OneDrive\Desktop\Data Analytics\Projects\MAANG & McKinsey Projects\Apple Marketing Intelligence Automation\data\incoming\Apple_Marketing_Raw_Data.xlsx
2026-08-12 00:23:20,300 - INFO - Raw data validation completed successfully.
2026-08-12 00:26:04,512 - INFO - Data cleaning completed successfully.
2026-08-12 00:26:05,283 - INFO - KPI calculation completed successfully.
2026-08-12 00:26:43,191 - INFO - Report generated and Power BI refresh completed successfully.
2026-08-12 00:26:45,890 - INFO - Daily report email sent successfully.
2026-08-12 00:26:46,069 - INFO - Raw input file archived to 'C:\Users\naren\OneDrive\Desktop\Data Analytics\Projects\MAANG & McKinsey Projects\Apple Marketing Intelligence Automation\data\archive\Apple_Marketing_Raw_Data_20260812_002645.xlsx'.
2026-08-12 00:26:46,131 - INFO - Apple marketing pipeline completed successfully in 407.8 seconds.
